src/features/auth/components/login/login-form.tsx(41,48): error TS2339: Property 'userId' does not exist on type '{ email: string; password: string; rememberMe: boolean; }'.
src/features/profile/components/certificate/components/certificate-card.tsx(111,13): error TS2322: Type '(values: CertificateFormValues) => Promise<void>' is not assignable to type '(data: FormState) => void'.
  Types of parameters 'values' and 'data' are incompatible.
    Type 'FormState' is missing the following properties from type 'CertificateFormValues': name, publisher, publishDate
src/features/profile/components/certificate/components/certificate-list.tsx(23,15): error TS2339: Property 'imageFileId' does not exist on type 'CertificateWithImage'.
src/features/profile/components/certificate/components/certificate-list.tsx(27,18): error TS2339: Property 'imageFileId' does not exist on type 'CertificateWithImage'.
src/features/profile/components/certificate/components/certificate-section.tsx(16,24): error TS2322: Type '{ imageFileId?: string | undefined; name?: string | undefined; publishDate?: string | undefined; publisher?: string | undefined; }[]' is not assignable to type 'CertificateWithImage[]'.
  Type '{ imageFileId?: string | undefined; name?: string | undefined; publishDate?: string | undefined; publisher?: string | undefined; }' is not assignable to type 'CertificateWithImage'.
    Types of property 'name' are incompatible.
      Type 'string | undefined' is not assignable to type 'string'.
        Type 'undefined' is not assignable to type 'string'.
src/features/profile/components/project/components/project-list.tsx(70,17): error TS2345: Argument of type '{ name?: string | undefined; professionRole?: string | undefined; imageFileId?: string | undefined; date?: string | undefined; description?: string | undefined; }[]' is not assignable to parameter of type 'Project[]'.
  Property 'id' is missing in type '{ name?: string | undefined; professionRole?: string | undefined; imageFileId?: string | undefined; date?: string | undefined; description?: string | undefined; }' but required in type 'Project'.
src/features/profile/hooks/use-profto.ts(70,36): error TS2345: Argument of type '{ avatarFileId?: string | null | undefined; name?: string | null | undefined; professionRole?: string | null | undefined; lastEducation?: string | null | undefined; email?: string | null | undefined; ... 5 more ...; links?: { ...; }[] | ... 1 more ... | undefined; }' is not assignable to parameter of type 'UpdateUserProftoBody'.
  Types of property 'certificates' are incompatible.
    Type '{ imageFileId?: string | undefined; name?: string | undefined; publishDate?: string | undefined; publisher?: string | undefined; }[] | null | undefined' is not assignable to type 'UpdateUserProftoBodyCertificatesItem[] | undefined'.
      Type 'null' is not assignable to type 'UpdateUserProftoBodyCertificatesItem[] | undefined'.
src/features/profile/page/certificate-edit-page.tsx(103,13): error TS2322: Type '(values: CertificateFormValues) => Promise<void>' is not assignable to type '(data: FormState) => void'.
  Types of parameters 'values' and 'data' are incompatible.
    Type 'FormState' is missing the following properties from type 'CertificateFormValues': name, publisher, publishDate
src/features/profile/stores/certificate-store.ts(2,34): error TS2307: Cannot find module '../types/certificate.types' or its corresponding type declarations.
src/services/profto/profile.mapper.ts(11,5): error TS2322: Type '{ imageFileId?: string | undefined; name?: string | undefined; publishDate?: string | undefined; publisher?: string | undefined; }[] | null | undefined' is not assignable to type 'UpdateUserProftoBodyCertificatesItem[] | undefined'.
  Type 'null' is not assignable to type 'UpdateUserProftoBodyCertificatesItem[] | undefined'.
src/services/profto/profile.service.ts(37,3): error TS2322: Type '({ imageUrl: undefined; imageFileId?: string | undefined; name?: string | undefined; publishDate?: string | undefined; publisher?: string | undefined; } | { imageUrl: string; imageFileId?: string | undefined; name?: string | undefined; publishDate?: string | undefined; publisher?: string | undefined; })[]' is not assignable to type 'CertificateWithImage[]'.
  Type '{ imageUrl: undefined; imageFileId?: string | undefined; name?: string | undefined; publishDate?: string | undefined; publisher?: string | undefined; } | { imageUrl: string; imageFileId?: string | undefined; name?: string | undefined; publishDate?: string | undefined; publisher?: string | undefined; }' is not assignable to type 'CertificateWithImage'.
    Type '{ imageUrl: undefined; imageFileId?: string; name?: string; publishDate?: string; publisher?: string; }' is not assignable to type 'CertificateWithImage'.
      Types of property 'name' are incompatible.
        Type 'string | undefined' is not assignable to type 'string'.
          Type 'undefined' is not assignable to type 'string'.
src/services/profto/profile.service.ts(53,57): error TS2339: Property 'data' does not exist on type 'never'.
